// Jest Snapshot v1, https://goo.gl/fbAQLP

exports[`renders error 1`] = `
<main
  className="App-root"
>
  <img
    alt=""
    className="App-background"
    src="/mocked.jpg"
    srcSet="/mocked-300.jpg 300w, /mocked-600.jpg 600w"
  />
  <div
    className="MuiGrid-container MuiGrid-spacing-xs-32 MuiGrid-justify-xs-center App-grid"
  >
    <div
      className="MuiGrid-item MuiGrid-grid-xs-12"
    >
      <div
        className="MuiPaper-root MuiPaper-elevation2 MuiPaper-rounded MuiCard-root"
      >
        <div
          className="MuiCardContent-root"
        >
          <h1
            className="MuiTypography-root MuiTypography-headline MuiTypography-gutterBottom"
          >
            <svg
              aria-hidden="true"
              className="MuiSvgIcon-root App-error"
              color={undefined}
              focusable="false"
              viewBox="0 0 24 24"
            >
              <g>
                <path
                  d="M12 2C6.48 2 2 6.48 2 12s4.48 10 10 10 10-4.48 10-10S17.52 2 12 2zm1 15h-2v-2h2v2zm0-4h-2V7h2v6z"
                />
              </g>
            </svg>
             Error
          </h1>
          <p
            className="MuiTypography-root MuiTypography-body1"
          >
            failure foo bar baz test
          </p>
        </div>
      </div>
    </div>
  </div>
</main>
`;

exports[`renders moisture values 1`] = `
<main
  className="App-root"
>
  <img
    alt=""
    className="App-background"
    src="/mocked.jpg"
    srcSet="/mocked-300.jpg 300w, /mocked-600.jpg 600w"
  />
  <div
    className="MuiGrid-container MuiGrid-spacing-xs-32 App-grid"
  >
    <div
      className="MuiGrid-item MuiGrid-grid-xs-12"
    >
      <div
        className="MuiPaper-root MuiPaper-elevation2 MuiPaper-rounded MuiCard-root"
      >
        <div
          className="MuiCardContent-root"
        >
          <h1
            className="MuiTypography-root MuiTypography-headline MuiTypography-gutterBottom"
          >
            Irrigation Controller
          </h1>
          <p
            className="MuiTypography-root MuiTypography-body1"
          >
            Last updated: 
            <time
              dateTime={"2018-05-15T17:05:00.000Z"}
            >
              5 minutes ago
            </time>
          </p>
        </div>
      </div>
    </div>
    <div
      className="MuiGrid-item"
    >
      <div
        className="MuiPaper-root MuiPaper-elevation2 MuiPaper-rounded MuiCard-root"
      >
        <div
          className="MuiCardHeader-root"
          subtitle={undefined}
        >
          <div
            className="MuiCardHeader-content"
          >
            <span
              className="MuiTypography-root MuiTypography-headline MuiCardHeader-title"
            >
              Plant 2
            </span>
          </div>
        </div>
        <div
          className="MuiCardContent-root"
        >
          <div
            className="rv-xy-plot "
            style={
              Object {
                "height": "100px",
                "width": "400px",
              }
            }
          >
            <svg
              className="rv-xy-plot__inner"
              height={100}
              onClick={[Function]}
              onDoubleClick={[Function]}
              onMouseDown={[Function]}
              onMouseEnter={[Function]}
              onMouseLeave={[Function]}
              onMouseMove={[Function]}
              onTouchCancel={[Function]}
              onTouchEnd={[Function]}
              onTouchMove={[Function]}
              onTouchStart={[Function]}
              onWheel={[Function]}
              style={undefined}
              width={400}
            >
              <path
                className="rv-xy-plot__series rv-xy-plot__series--line "
                d="M0,11.315442796994525L0,60Z"
                onClick={[Function]}
                onContextMenu={[Function]}
                onMouseOut={[Function]}
                onMouseOver={[Function]}
                style={
                  Object {
                    "fill": "rgb(172, 183, 229)",
                    "opacity": 1,
                    "stroke": "rgb(172, 183, 229)",
                  }
                }
                transform="translate(0,0)"
              />
              <path
                className="rv-xy-plot__series rv-xy-plot__series--line "
                d="M0,12.09684872117954L0,60Z"
                onClick={[Function]}
                onContextMenu={[Function]}
                onMouseOut={[Function]}
                onMouseOver={[Function]}
                style={
                  Object {
                    "fill": "rgb(159, 171, 223)",
                    "opacity": 1,
                    "stroke": "rgb(159, 171, 223)",
                  }
                }
                transform="translate(0,0)"
              />
              <path
                className="rv-xy-plot__series rv-xy-plot__series--line "
                d="M0,13.354414806993304L0,60Z"
                onClick={[Function]}
                onContextMenu={[Function]}
                onMouseOut={[Function]}
                onMouseOver={[Function]}
                style={
                  Object {
                    "fill": "rgb(146, 159, 216)",
                    "opacity": 1,
                    "stroke": "rgb(146, 159, 216)",
                  }
                }
                transform="translate(0,0)"
              />
              <path
                className="rv-xy-plot__series rv-xy-plot__series--line "
                d="M0,14.467707272273408L0,60Z"
                onClick={[Function]}
                onContextMenu={[Function]}
                onMouseOut={[Function]}
                onMouseOver={[Function]}
                style={
                  Object {
                    "fill": "rgb(134, 146, 210)",
                    "opacity": 1,
                    "stroke": "rgb(134, 146, 210)",
                  }
                }
                transform="translate(0,0)"
              />
              <path
                className="rv-xy-plot__series rv-xy-plot__series--line "
                d="M0,16.99907031799323L0,60Z"
                onClick={[Function]}
                onContextMenu={[Function]}
                onMouseOut={[Function]}
                onMouseOver={[Function]}
                style={
                  Object {
                    "fill": "rgb(121, 134, 203)",
                    "opacity": 1,
                    "stroke": "rgb(121, 134, 203)",
                  }
                }
                transform="translate(0,0)"
              />
              <g
                className="rv-xy-plot__series rv-xy-plot__series--rect "
                transform="translate(0,0)"
              >
                <rect
                  height={60}
                  onClick={[Function]}
                  onContextMenu={[Function]}
                  onMouseOut={[Function]}
                  onMouseOver={[Function]}
                  style={
                    Object {
                      "fill": "rgba(255,64,129,0.5)",
                      "opacity": 1,
                      "stroke": "rgba(255,64,129,0.5)",
                    }
                  }
                  width={400}
                  x={400}
                  y={0}
                />
              </g>
              <g
                className="rv-xy-plot__series rv-xy-plot__series--rect "
                transform="translate(0,0)"
              >
                <rect
                  height={38.46153846153846}
                  onClick={[Function]}
                  onContextMenu={[Function]}
                  onMouseOut={[Function]}
                  onMouseOver={[Function]}
                  style={
                    Object {
                      "fill": "rgba(0, 255, 0, 0.1)",
                      "opacity": 1,
                      "stroke": "rgba(0, 255, 0, 0.1)",
                    }
                  }
                  width={0}
                  x={0}
                  y={12.692307692307693}
                />
              </g>
              <g
                className="rv-xy-plot__axis rv-xy-plot__axis--horizontal "
                style={
                  Object {
                    "line": Object {
                      "stroke": "none",
                    },
                    "text": Object {
                      "fontFamily": "\\"Roboto\\", \\"Helvetica\\", \\"Arial\\", sans-serif",
                      "fontSize": "0.875rem",
                    },
                    "ticks": Object {
                      "fill": "#9e9e9e",
                    },
                  }
                }
                transform="translate(0,60)"
              >
                <line
                  className="rv-xy-plot__axis__line"
                  style={
                    Object {
                      "line": Object {
                        "stroke": "none",
                      },
                      "stroke": "none",
                      "text": Object {
                        "fontFamily": "\\"Roboto\\", \\"Helvetica\\", \\"Arial\\", sans-serif",
                        "fontSize": "0.875rem",
                      },
                      "ticks": Object {
                        "fill": "#9e9e9e",
                      },
                    }
                  }
                  x1={0}
                  x2={400}
                  y1={0}
                  y2={0}
                />
                <g
                  className="rv-xy-plot__axis__ticks"
                  transform="translate(0, 0)"
                >
                  <g
                    className="rv-xy-plot__axis__tick"
                    style={
                      Object {
                        "fill": "#9e9e9e",
                        "line": Object {
                          "stroke": "none",
                        },
                        "text": Object {
                          "fontFamily": "\\"Roboto\\", \\"Helvetica\\", \\"Arial\\", sans-serif",
                          "fontSize": "0.875rem",
                        },
                        "ticks": Object {
                          "fill": "#9e9e9e",
                        },
                      }
                    }
                    transform="translate(0, 0)"
                  >
                    <line
                      className="rv-xy-plot__axis__tick__line"
                      style={
                        Object {
                          "fill": "#9e9e9e",
                          "line": Object {
                            "stroke": "none",
                          },
                          "stroke": "none",
                          "text": Object {
                            "fontFamily": "\\"Roboto\\", \\"Helvetica\\", \\"Arial\\", sans-serif",
                            "fontSize": "0.875rem",
                          },
                          "ticks": Object {
                            "fill": "#9e9e9e",
                          },
                        }
                      }
                      x1={0}
                      x2={0}
                      y1={-0}
                      y2={6}
                    />
                    <text
                      className="rv-xy-plot__axis__tick__text"
                      dy="0.72em"
                      style={
                        Object {
                          "fill": "#9e9e9e",
                          "fontFamily": "\\"Roboto\\", \\"Helvetica\\", \\"Arial\\", sans-serif",
                          "fontSize": "0.875rem",
                          "line": Object {
                            "stroke": "none",
                          },
                          "text": Object {
                            "fontFamily": "\\"Roboto\\", \\"Helvetica\\", \\"Arial\\", sans-serif",
                            "fontSize": "0.875rem",
                          },
                          "ticks": Object {
                            "fill": "#9e9e9e",
                          },
                        }
                      }
                      textAnchor="middle"
                      transform="translate(0, 14)"
                    >
                      05:05
                    </text>
                  </g>
                  <g
                    className="rv-xy-plot__axis__tick"
                    style={
                      Object {
                        "fill": "#9e9e9e",
                        "line": Object {
                          "stroke": "none",
                        },
                        "text": Object {
                          "fontFamily": "\\"Roboto\\", \\"Helvetica\\", \\"Arial\\", sans-serif",
                          "fontSize": "0.875rem",
                        },
                        "ticks": Object {
                          "fill": "#9e9e9e",
                        },
                      }
                    }
                    transform="translate(80, 0)"
                  >
                    <line
                      className="rv-xy-plot__axis__tick__line"
                      style={
                        Object {
                          "fill": "#9e9e9e",
                          "line": Object {
                            "stroke": "none",
                          },
                          "stroke": "none",
                          "text": Object {
                            "fontFamily": "\\"Roboto\\", \\"Helvetica\\", \\"Arial\\", sans-serif",
                            "fontSize": "0.875rem",
                          },
                          "ticks": Object {
                            "fill": "#9e9e9e",
                          },
                        }
                      }
                      x1={0}
                      x2={0}
                      y1={-0}
                      y2={6}
                    />
                    <text
                      className="rv-xy-plot__axis__tick__text"
                      dy="0.72em"
                      style={
                        Object {
                          "fill": "#9e9e9e",
                          "fontFamily": "\\"Roboto\\", \\"Helvetica\\", \\"Arial\\", sans-serif",
                          "fontSize": "0.875rem",
                          "line": Object {
                            "stroke": "none",
                          },
                          "text": Object {
                            "fontFamily": "\\"Roboto\\", \\"Helvetica\\", \\"Arial\\", sans-serif",
                            "fontSize": "0.875rem",
                          },
                          "ticks": Object {
                            "fill": "#9e9e9e",
                          },
                        }
                      }
                      textAnchor="middle"
                      transform="translate(0, 14)"
                    >
                      .200
                    </text>
                  </g>
                  <g
                    className="rv-xy-plot__axis__tick"
                    style={
                      Object {
                        "fill": "#9e9e9e",
                        "line": Object {
                          "stroke": "none",
                        },
                        "text": Object {
                          "fontFamily": "\\"Roboto\\", \\"Helvetica\\", \\"Arial\\", sans-serif",
                          "fontSize": "0.875rem",
                        },
                        "ticks": Object {
                          "fill": "#9e9e9e",
                        },
                      }
                    }
                    transform="translate(160, 0)"
                  >
                    <line
                      className="rv-xy-plot__axis__tick__line"
                      style={
                        Object {
                          "fill": "#9e9e9e",
                          "line": Object {
                            "stroke": "none",
                          },
                          "stroke": "none",
                          "text": Object {
                            "fontFamily": "\\"Roboto\\", \\"Helvetica\\", \\"Arial\\", sans-serif",
                            "fontSize": "0.875rem",
                          },
                          "ticks": Object {
                            "fill": "#9e9e9e",
                          },
                        }
                      }
                      x1={0}
                      x2={0}
                      y1={-0}
                      y2={6}
                    />
                    <text
                      className="rv-xy-plot__axis__tick__text"
                      dy="0.72em"
                      style={
                        Object {
                          "fill": "#9e9e9e",
                          "fontFamily": "\\"Roboto\\", \\"Helvetica\\", \\"Arial\\", sans-serif",
                          "fontSize": "0.875rem",
                          "line": Object {
                            "stroke": "none",
                          },
                          "text": Object {
                            "fontFamily": "\\"Roboto\\", \\"Helvetica\\", \\"Arial\\", sans-serif",
                            "fontSize": "0.875rem",
                          },
                          "ticks": Object {
                            "fill": "#9e9e9e",
                          },
                        }
                      }
                      textAnchor="middle"
                      transform="translate(0, 14)"
                    >
                      .400
                    </text>
                  </g>
                  <g
                    className="rv-xy-plot__axis__tick"
                    style={
                      Object {
                        "fill": "#9e9e9e",
                        "line": Object {
                          "stroke": "none",
                        },
                        "text": Object {
                          "fontFamily": "\\"Roboto\\", \\"Helvetica\\", \\"Arial\\", sans-serif",
                          "fontSize": "0.875rem",
                        },
                        "ticks": Object {
                          "fill": "#9e9e9e",
                        },
                      }
                    }
                    transform="translate(240, 0)"
                  >
                    <line
                      className="rv-xy-plot__axis__tick__line"
                      style={
                        Object {
                          "fill": "#9e9e9e",
                          "line": Object {
                            "stroke": "none",
                          },
                          "stroke": "none",
                          "text": Object {
                            "fontFamily": "\\"Roboto\\", \\"Helvetica\\", \\"Arial\\", sans-serif",
                            "fontSize": "0.875rem",
                          },
                          "ticks": Object {
                            "fill": "#9e9e9e",
                          },
                        }
                      }
                      x1={0}
                      x2={0}
                      y1={-0}
                      y2={6}
                    />
                    <text
                      className="rv-xy-plot__axis__tick__text"
                      dy="0.72em"
                      style={
                        Object {
                          "fill": "#9e9e9e",
                          "fontFamily": "\\"Roboto\\", \\"Helvetica\\", \\"Arial\\", sans-serif",
                          "fontSize": "0.875rem",
                          "line": Object {
                            "stroke": "none",
                          },
                          "text": Object {
                            "fontFamily": "\\"Roboto\\", \\"Helvetica\\", \\"Arial\\", sans-serif",
                            "fontSize": "0.875rem",
                          },
                          "ticks": Object {
                            "fill": "#9e9e9e",
                          },
                        }
                      }
                      textAnchor="middle"
                      transform="translate(0, 14)"
                    >
                      .600
                    </text>
                  </g>
                  <g
                    className="rv-xy-plot__axis__tick"
                    style={
                      Object {
                        "fill": "#9e9e9e",
                        "line": Object {
                          "stroke": "none",
                        },
                        "text": Object {
                          "fontFamily": "\\"Roboto\\", \\"Helvetica\\", \\"Arial\\", sans-serif",
                          "fontSize": "0.875rem",
                        },
                        "ticks": Object {
                          "fill": "#9e9e9e",
                        },
                      }
                    }
                    transform="translate(320, 0)"
                  >
                    <line
                      className="rv-xy-plot__axis__tick__line"
                      style={
                        Object {
                          "fill": "#9e9e9e",
                          "line": Object {
                            "stroke": "none",
                          },
                          "stroke": "none",
                          "text": Object {
                            "fontFamily": "\\"Roboto\\", \\"Helvetica\\", \\"Arial\\", sans-serif",
                            "fontSize": "0.875rem",
                          },
                          "ticks": Object {
                            "fill": "#9e9e9e",
                          },
                        }
                      }
                      x1={0}
                      x2={0}
                      y1={-0}
                      y2={6}
                    />
                    <text
                      className="rv-xy-plot__axis__tick__text"
                      dy="0.72em"
                      style={
                        Object {
                          "fill": "#9e9e9e",
                          "fontFamily": "\\"Roboto\\", \\"Helvetica\\", \\"Arial\\", sans-serif",
                          "fontSize": "0.875rem",
                          "line": Object {
                            "stroke": "none",
                          },
                          "text": Object {
                            "fontFamily": "\\"Roboto\\", \\"Helvetica\\", \\"Arial\\", sans-serif",
                            "fontSize": "0.875rem",
                          },
                          "ticks": Object {
                            "fill": "#9e9e9e",
                          },
                        }
                      }
                      textAnchor="middle"
                      transform="translate(0, 14)"
                    >
                      .800
                    </text>
                  </g>
                  <g
                    className="rv-xy-plot__axis__tick"
                    style={
                      Object {
                        "fill": "#9e9e9e",
                        "line": Object {
                          "stroke": "none",
                        },
                        "text": Object {
                          "fontFamily": "\\"Roboto\\", \\"Helvetica\\", \\"Arial\\", sans-serif",
                          "fontSize": "0.875rem",
                        },
                        "ticks": Object {
                          "fill": "#9e9e9e",
                        },
                      }
                    }
                    transform="translate(400, 0)"
                  >
                    <line
                      className="rv-xy-plot__axis__tick__line"
                      style={
                        Object {
                          "fill": "#9e9e9e",
                          "line": Object {
                            "stroke": "none",
                          },
                          "stroke": "none",
                          "text": Object {
                            "fontFamily": "\\"Roboto\\", \\"Helvetica\\", \\"Arial\\", sans-serif",
                            "fontSize": "0.875rem",
                          },
                          "ticks": Object {
                            "fill": "#9e9e9e",
                          },
                        }
                      }
                      x1={0}
                      x2={0}
                      y1={-0}
                      y2={6}
                    />
                    <text
                      className="rv-xy-plot__axis__tick__text"
                      dy="0.72em"
                      style={
                        Object {
                          "fill": "#9e9e9e",
                          "fontFamily": "\\"Roboto\\", \\"Helvetica\\", \\"Arial\\", sans-serif",
                          "fontSize": "0.875rem",
                          "line": Object {
                            "stroke": "none",
                          },
                          "text": Object {
                            "fontFamily": "\\"Roboto\\", \\"Helvetica\\", \\"Arial\\", sans-serif",
                            "fontSize": "0.875rem",
                          },
                          "ticks": Object {
                            "fill": "#9e9e9e",
                          },
                        }
                      }
                      textAnchor="middle"
                      transform="translate(0, 14)"
                    >
                      :01
                    </text>
                  </g>
                </g>
              </g>
            </svg>
          </div>
          <div
            className="MuiGrid-container MuiGrid-spacing-xs-8"
          >
            <div
              className="MuiGrid-item"
            >
              <div
                aria-valuenow={85}
                className="MuiCircularProgress-root MuiCircularProgress-colorPrimary MuiCircularProgress-static"
                role="progressbar"
                style={
                  Object {
                    "display": "inline-box",
                    "height": 20,
                    "marginRight": "8px",
                    "transform": "rotate(-90deg)",
                    "verticalAlign": "middle",
                    "width": 20,
                  }
                }
              >
                <svg
                  className="MuiCircularProgress-svg"
                  viewBox="0 0 50 50"
                >
                  <circle
                    className="MuiCircularProgress-circle MuiCircularProgress-circleStatic"
                    cx={25}
                    cy={25}
                    fill="none"
                    r={20}
                    strokeWidth={3.6}
                    style={
                      Object {
                        "strokeDasharray": "125.664",
                        "strokeDashoffset": "19.333px",
                      }
                    }
                  />
                </svg>
              </div>
              <p
                className="MuiTypography-root MuiTypography-body1"
                style={
                  Object {
                    "display": "inline",
                  }
                }
              >
                84.6
                % moisture
              </p>
            </div>
            <div
              className="MuiGrid-item"
            >
              <div
                aria-valuenow={54}
                className="MuiCircularProgress-root MuiCircularProgress-colorPrimary MuiCircularProgress-static"
                role="progressbar"
                style={
                  Object {
                    "display": "inline-box",
                    "height": 20,
                    "marginRight": "8px",
                    "transform": "rotate(-90deg)",
                    "verticalAlign": "middle",
                    "width": 20,
                  }
                }
              >
                <svg
                  className="MuiCircularProgress-svg"
                  viewBox="0 0 50 50"
                >
                  <circle
                    className="MuiCircularProgress-circle MuiCircularProgress-circleStatic"
                    cx={25}
                    cy={25}
                    fill="none"
                    r={20}
                    strokeWidth={3.6}
                    style={
                      Object {
                        "strokeDasharray": "125.664",
                        "strokeDashoffset": "57.428px",
                      }
                    }
                  />
                </svg>
              </div>
              <p
                className="MuiTypography-root MuiTypography-body1"
                style={
                  Object {
                    "display": "inline",
                  }
                }
              >
                22.3°C ambient
              </p>
            </div>
            <div
              className="MuiGrid-item"
            >
              <svg
                aria-hidden="true"
                className="MuiSvgIcon-root"
                color={undefined}
                focusable="false"
                style={
                  Object {
                    "verticalAlign": "middle",
                  }
                }
                viewBox="0 0 24 24"
              >
                <g>
                  <path
                    d="M16.01 7L16 3h-2v4h-4V3H8v4h-.01C7 6.99 6 7.99 6 8.99v5.49L9.5 18v3h5v-3l3.5-3.51v-5.5c0-1-1-2-1.99-1.99z"
                  />
                </g>
              </svg>
              <p
                className="MuiTypography-root MuiTypography-body1"
                style={
                  Object {
                    "display": "inline",
                  }
                }
              >
                Pump running
              </p>
            </div>
          </div>
        </div>
      </div>
    </div>
  </div>
</main>
`;
